// Jest Snapshot v1, https://goo.gl/fbAQLP

exports[`InputField renders correctly 1`] = `
<div
  className="form-group InputField"
>
  <label
    className="col-lg-12"
    style={
      Object {
        "padding": 0,
      }
    }
  >
    Enter number of expected records:
  </label>
  <div
    className="col-lg-3"
    style={
      Object {
        "padding": 0,
      }
    }
  >
    <input
      className="form-control"
      max={9999}
      min={0}
      name="host"
      onChange={[Function]}
      step={1}
      type="number"
      value="12"
    />
    <small
      className="form-text text-muted"
    >
      Table data will be generated
    </small>
  </div>
</div>
`;
